2025-10-13 11:03:19,609 [INFO] ETL job started.
2025-10-13 11:03:21,025 [ERROR] HTTP Error for GET to https://api.spotify.com/v1/playlists/37i9dQZEVXbMDoHDwVN2tF/tracks with Params: {'limit': 50, 'offset': 0, 'fields': None, 'market': None, 'additional_types': 'track,episode'} returned 404 due to Resource not found
2025-10-13 11:03:21,029 [WARNING] No tracks extracted. Check playlist ID or Spotify API credentials.
2025-10-13 11:11:35,292 [INFO] ETL job started.
2025-10-13 11:11:36,195 [ERROR] HTTP Error for GET to https://api.spotify.com/v1/playlists/37i9dQZF1EQoqCH7BwIYb7/tracks with Params: {'limit': 50, 'offset': 0, 'fields': None, 'market': None, 'additional_types': 'track,episode'} returned 404 due to Resource not found
2025-10-13 11:11:36,199 [WARNING] No tracks extracted. Check playlist ID or Spotify API credentials.
2025-10-13 11:21:03,771 [INFO] ETL job started.
2025-10-13 11:21:04,574 [ERROR] HTTP Error for GET to https://api.spotify.com/v1/playlists/37i9dQZF1EQqFPe2ux3rbj/tracks with Params: {'limit': 50, 'offset': 0, 'fields': None, 'market': None, 'additional_types': 'track,episode'} returned 404 due to Resource not found
2025-10-13 11:21:04,578 [WARNING] No tracks extracted. Check playlist ID or Spotify API credentials.
2025-10-13 11:47:46,971 [INFO] ETL job started.
2025-10-13 11:47:47,884 [INFO] Extracted 50 tracks from Spotify.
2025-10-13 11:47:47,894 [INFO] Transformed dataframe shape: (46, 6)
2025-10-13 11:47:48,110 [INFO] <BrokerConnection client_id=kafka-python-producer-1, node_id=bootstrap-0 host=localhost:9092 <connecting> [IPv6 ('::1', 9092, 0, 0)]>: connecting to localhost:9092 [('::1', 9092, 0, 0) IPv6]
2025-10-13 11:47:48,110 [ERROR] <BrokerConnection client_id=kafka-python-producer-1, node_id=bootstrap-0 host=localhost:9092 <connecting> [IPv6 ('::1', 9092, 0, 0)]>: Connect attempt returned error 61. Disconnecting.
2025-10-13 11:47:48,110 [ERROR] <BrokerConnection client_id=kafka-python-producer-1, node_id=bootstrap-0 host=localhost:9092 <connecting> [IPv6 ('::1', 9092, 0, 0)]>: Closing connection. KafkaConnectionError: 61 ECONNREFUSED
2025-10-13 11:47:48,111 [INFO] <BrokerConnection client_id=kafka-python-producer-1, node_id=bootstrap-0 host=localhost:9092 <connecting> [IPv4 ('127.0.0.1', 9092)]>: connecting to localhost:9092 [('127.0.0.1', 9092) IPv4]
2025-10-13 11:47:48,111 [ERROR] <BrokerConnection client_id=kafka-python-producer-1, node_id=bootstrap-0 host=localhost:9092 <connecting> [IPv4 ('127.0.0.1', 9092)]>: Connect attempt returned error 61. Disconnecting.
2025-10-13 11:47:48,111 [ERROR] <BrokerConnection client_id=kafka-python-producer-1, node_id=bootstrap-0 host=localhost:9092 <connecting> [IPv4 ('127.0.0.1', 9092)]>: Closing connection. KafkaConnectionError: 61 ECONNREFUSED
2025-10-13 11:47:48,111 [WARNING] No node available during check_version; sleeping 0.06 secs
2025-10-13 11:47:48,176 [INFO] <BrokerConnection client_id=kafka-python-producer-1, node_id=bootstrap-0 host=localhost:9092 <connecting> [IPv6 ('::1', 9092, 0, 0)]>: connecting to localhost:9092 [('::1', 9092, 0, 0) IPv6]
2025-10-13 11:47:48,176 [ERROR] <BrokerConnection client_id=kafka-python-producer-1, node_id=bootstrap-0 host=localhost:9092 <connecting> [IPv6 ('::1', 9092, 0, 0)]>: Connect attempt returned error 61. Disconnecting.
2025-10-13 11:47:48,176 [ERROR] <BrokerConnection client_id=kafka-python-producer-1, node_id=bootstrap-0 host=localhost:9092 <connecting> [IPv6 ('::1', 9092, 0, 0)]>: Closing connection. KafkaConnectionError: 61 ECONNREFUSED
2025-10-13 11:47:48,177 [INFO] <BrokerConnection client_id=kafka-python-producer-1, node_id=bootstrap-0 host=localhost:9092 <connecting> [IPv4 ('127.0.0.1', 9092)]>: connecting to localhost:9092 [('127.0.0.1', 9092) IPv4]
2025-10-13 11:47:48,177 [ERROR] <BrokerConnection client_id=kafka-python-producer-1, node_id=bootstrap-0 host=localhost:9092 <connecting> [IPv4 ('127.0.0.1', 9092)]>: Connect attempt returned error 61. Disconnecting.
2025-10-13 11:47:48,177 [ERROR] <BrokerConnection client_id=kafka-python-producer-1, node_id=bootstrap-0 host=localhost:9092 <connecting> [IPv4 ('127.0.0.1', 9092)]>: Closing connection. KafkaConnectionError: 61 ECONNREFUSED
2025-10-13 11:47:48,177 [WARNING] No node available during check_version; sleeping 0.11 secs
2025-10-13 11:47:48,294 [INFO] <BrokerConnection client_id=kafka-python-producer-1, node_id=bootstrap-0 host=localhost:9092 <connecting> [IPv6 ('::1', 9092, 0, 0)]>: connecting to localhost:9092 [('::1', 9092, 0, 0) IPv6]
2025-10-13 11:47:48,295 [ERROR] <BrokerConnection client_id=kafka-python-producer-1, node_id=bootstrap-0 host=localhost:9092 <connecting> [IPv6 ('::1', 9092, 0, 0)]>: Connect attempt returned error 61. Disconnecting.
2025-10-13 11:47:48,295 [ERROR] <BrokerConnection client_id=kafka-python-producer-1, node_id=bootstrap-0 host=localhost:9092 <connecting> [IPv6 ('::1', 9092, 0, 0)]>: Closing connection. KafkaConnectionError: 61 ECONNREFUSED
2025-10-13 11:47:48,295 [INFO] <BrokerConnection client_id=kafka-python-producer-1, node_id=bootstrap-0 host=localhost:9092 <connecting> [IPv4 ('127.0.0.1', 9092)]>: connecting to localhost:9092 [('127.0.0.1', 9092) IPv4]
2025-10-13 11:47:48,295 [ERROR] <BrokerConnection client_id=kafka-python-producer-1, node_id=bootstrap-0 host=localhost:9092 <connecting> [IPv4 ('127.0.0.1', 9092)]>: Connect attempt returned error 61. Disconnecting.
2025-10-13 11:47:48,295 [ERROR] <BrokerConnection client_id=kafka-python-producer-1, node_id=bootstrap-0 host=localhost:9092 <connecting> [IPv4 ('127.0.0.1', 9092)]>: Closing connection. KafkaConnectionError: 61 ECONNREFUSED
2025-10-13 11:47:48,296 [WARNING] No node available during check_version; sleeping 0.23 secs
2025-10-13 11:47:48,528 [INFO] <BrokerConnection client_id=kafka-python-producer-1, node_id=bootstrap-0 host=localhost:9092 <connecting> [IPv6 ('::1', 9092, 0, 0)]>: connecting to localhost:9092 [('::1', 9092, 0, 0) IPv6]
2025-10-13 11:47:48,529 [ERROR] <BrokerConnection client_id=kafka-python-producer-1, node_id=bootstrap-0 host=localhost:9092 <connecting> [IPv6 ('::1', 9092, 0, 0)]>: Connect attempt returned error 61. Disconnecting.
2025-10-13 11:47:48,529 [ERROR] <BrokerConnection client_id=kafka-python-producer-1, node_id=bootstrap-0 host=localhost:9092 <connecting> [IPv6 ('::1', 9092, 0, 0)]>: Closing connection. KafkaConnectionError: 61 ECONNREFUSED
2025-10-13 11:47:48,529 [INFO] <BrokerConnection client_id=kafka-python-producer-1, node_id=bootstrap-0 host=localhost:9092 <connecting> [IPv4 ('127.0.0.1', 9092)]>: connecting to localhost:9092 [('127.0.0.1', 9092) IPv4]
2025-10-13 11:47:48,529 [ERROR] <BrokerConnection client_id=kafka-python-producer-1, node_id=bootstrap-0 host=localhost:9092 <connecting> [IPv4 ('127.0.0.1', 9092)]>: Connect attempt returned error 61. Disconnecting.
2025-10-13 11:47:48,529 [ERROR] <BrokerConnection client_id=kafka-python-producer-1, node_id=bootstrap-0 host=localhost:9092 <connecting> [IPv4 ('127.0.0.1', 9092)]>: Closing connection. KafkaConnectionError: 61 ECONNREFUSED
2025-10-13 11:47:48,530 [WARNING] No node available during check_version; sleeping 0.36 secs
2025-10-13 11:47:48,895 [INFO] <BrokerConnection client_id=kafka-python-producer-1, node_id=bootstrap-0 host=localhost:9092 <connecting> [IPv6 ('::1', 9092, 0, 0)]>: connecting to localhost:9092 [('::1', 9092, 0, 0) IPv6]
2025-10-13 11:47:48,895 [ERROR] <BrokerConnection client_id=kafka-python-producer-1, node_id=bootstrap-0 host=localhost:9092 <connecting> [IPv6 ('::1', 9092, 0, 0)]>: Connect attempt returned error 61. Disconnecting.
2025-10-13 11:47:48,895 [ERROR] <BrokerConnection client_id=kafka-python-producer-1, node_id=bootstrap-0 host=localhost:9092 <connecting> [IPv6 ('::1', 9092, 0, 0)]>: Closing connection. KafkaConnectionError: 61 ECONNREFUSED
2025-10-13 11:47:48,896 [INFO] <BrokerConnection client_id=kafka-python-producer-1, node_id=bootstrap-0 host=localhost:9092 <connecting> [IPv4 ('127.0.0.1', 9092)]>: connecting to localhost:9092 [('127.0.0.1', 9092) IPv4]
2025-10-13 11:47:48,896 [ERROR] <BrokerConnection client_id=kafka-python-producer-1, node_id=bootstrap-0 host=localhost:9092 <connecting> [IPv4 ('127.0.0.1', 9092)]>: Connect attempt returned error 61. Disconnecting.
2025-10-13 11:47:48,896 [ERROR] <BrokerConnection client_id=kafka-python-producer-1, node_id=bootstrap-0 host=localhost:9092 <connecting> [IPv4 ('127.0.0.1', 9092)]>: Closing connection. KafkaConnectionError: 61 ECONNREFUSED
2025-10-13 11:47:48,896 [WARNING] No node available during check_version; sleeping 0.76 secs
2025-10-13 11:47:49,661 [INFO] <BrokerConnection client_id=kafka-python-producer-1, node_id=bootstrap-0 host=localhost:9092 <connecting> [IPv6 ('::1', 9092, 0, 0)]>: connecting to localhost:9092 [('::1', 9092, 0, 0) IPv6]
2025-10-13 11:47:49,662 [ERROR] <BrokerConnection client_id=kafka-python-producer-1, node_id=bootstrap-0 host=localhost:9092 <connecting> [IPv6 ('::1', 9092, 0, 0)]>: Connect attempt returned error 61. Disconnecting.
2025-10-13 11:47:49,662 [ERROR] <BrokerConnection client_id=kafka-python-producer-1, node_id=bootstrap-0 host=localhost:9092 <connecting> [IPv6 ('::1', 9092, 0, 0)]>: Closing connection. KafkaConnectionError: 61 ECONNREFUSED
2025-10-13 11:47:49,663 [INFO] <BrokerConnection client_id=kafka-python-producer-1, node_id=bootstrap-0 host=localhost:9092 <connecting> [IPv4 ('127.0.0.1', 9092)]>: connecting to localhost:9092 [('127.0.0.1', 9092) IPv4]
2025-10-13 11:47:49,663 [ERROR] <BrokerConnection client_id=kafka-python-producer-1, node_id=bootstrap-0 host=localhost:9092 <connecting> [IPv4 ('127.0.0.1', 9092)]>: Connect attempt returned error 61. Disconnecting.
2025-10-13 11:47:49,663 [ERROR] <BrokerConnection client_id=kafka-python-producer-1, node_id=bootstrap-0 host=localhost:9092 <connecting> [IPv4 ('127.0.0.1', 9092)]>: Closing connection. KafkaConnectionError: 61 ECONNREFUSED
2025-10-13 11:47:49,663 [WARNING] No node available during check_version; sleeping 0.45 secs
2025-10-13 11:47:50,201 [ERROR] Error during loading: NoBrokersAvailable
Traceback (most recent call last):
  File "/Users/smartlyfe/Desktop/Spotify_Data_Engineering/src/run_etl.py", line 38, in run_etl
    produce_to_kafka(clean_df)
  File "/Users/smartlyfe/Desktop/Spotify_Data_Engineering/src/load.py", line 25, in produce_to_kafka
    producer = KafkaProducer(
               ^^^^^^^^^^^^^^
  File "/opt/anaconda3/lib/python3.12/site-packages/kafka/producer/kafka.py", line 481, in __init__
    client = self.config['kafka_client'](
             ^^^^^^^^^^^^^^^^^^^^^^^^^^^^
  File "/opt/anaconda3/lib/python3.12/site-packages/kafka/client_async.py", line 262, in __init__
    self.config['api_version'] = self.check_version()
                                 ^^^^^^^^^^^^^^^^^^^^
  File "/opt/anaconda3/lib/python3.12/site-packages/kafka/client_async.py", line 1074, in check_version
    raise Errors.NoBrokersAvailable()
kafka.errors.NoBrokersAvailable: NoBrokersAvailable
2025-10-13 11:47:50,205 [INFO] ETL job completed successfully.
2025-10-13 11:57:42,201 [INFO] ETL job started.
2025-10-13 11:57:43,046 [INFO] Extracted 50 tracks from Spotify.
2025-10-13 11:57:43,055 [INFO] Transformed dataframe shape: (46, 6)
2025-10-13 11:57:43,206 [INFO] <BrokerConnection client_id=kafka-python-producer-1, node_id=bootstrap-0 host=localhost:9092 <connecting> [IPv6 ('::1', 9092, 0, 0)]>: connecting to localhost:9092 [('::1', 9092, 0, 0) IPv6]
2025-10-13 11:57:43,255 [INFO] <BrokerConnection client_id=kafka-python-producer-1, node_id=bootstrap-0 host=localhost:9092 <checking_api_versions_recv> [IPv6 ('::1', 9092, 0, 0)]>: Broker version identified as 2.6
2025-10-13 11:57:43,255 [INFO] <BrokerConnection client_id=kafka-python-producer-1, node_id=bootstrap-0 host=localhost:9092 <connected> [IPv6 ('::1', 9092, 0, 0)]>: Connection complete.
2025-10-13 11:57:43,373 [INFO] <BrokerConnection client_id=kafka-python-producer-1, node_id=1 host=localhost:9092 <connecting> [IPv6 ('::1', 9092, 0, 0)]>: connecting to localhost:9092 [('::1', 9092, 0, 0) IPv6]
2025-10-13 11:57:43,374 [INFO] <BrokerConnection client_id=kafka-python-producer-1, node_id=1 host=localhost:9092 <connected> [IPv6 ('::1', 9092, 0, 0)]>: Connection complete.
2025-10-13 11:57:43,374 [INFO] <BrokerConnection client_id=kafka-python-producer-1, node_id=bootstrap-0 host=localhost:9092 <connected> [IPv6 ('::1', 9092, 0, 0)]>: Closing connection. 
2025-10-13 11:57:43,441 [WARNING] Topic spotify_tracks is not available during auto-create initialization
2025-10-13 11:57:43,548 [WARNING] Topic spotify_tracks is not available during auto-create initialization
2025-10-13 11:57:43,653 [ERROR] Error during loading: Object of type Timestamp is not JSON serializable
Traceback (most recent call last):
  File "/Users/smartlyfe/Desktop/Spotify_Data_Engineering/src/run_etl.py", line 38, in run_etl
    produce_to_kafka(clean_df)
  File "/Users/smartlyfe/Desktop/Spotify_Data_Engineering/src/load.py", line 30, in produce_to_kafka
    producer.send(KAFKA_TOPIC, record)
  File "/opt/anaconda3/lib/python3.12/site-packages/kafka/producer/kafka.py", line 845, in send
    value_bytes = self._serialize(
                  ^^^^^^^^^^^^^^^^
  File "/opt/anaconda3/lib/python3.12/site-packages/kafka/producer/kafka.py", line 978, in _serialize
    return f(data)
           ^^^^^^^
  File "/Users/smartlyfe/Desktop/Spotify_Data_Engineering/src/load.py", line 27, in <lambda>
    value_serializer=lambda v: json.dumps(v).encode('utf-8')
                               ^^^^^^^^^^^^^
  File "/opt/anaconda3/lib/python3.12/json/__init__.py", line 231, in dumps
    return _default_encoder.encode(obj)
           ^^^^^^^^^^^^^^^^^^^^^^^^^^^^
  File "/opt/anaconda3/lib/python3.12/json/encoder.py", line 200, in encode
    chunks = self.iterencode(o, _one_shot=True)
             ^^^^^^^^^^^^^^^^^^^^^^^^^^^^^^^^^^
  File "/opt/anaconda3/lib/python3.12/json/encoder.py", line 258, in iterencode
    return _iterencode(o, 0)
           ^^^^^^^^^^^^^^^^^
  File "/opt/anaconda3/lib/python3.12/json/encoder.py", line 180, in default
    raise TypeError(f'Object of type {o.__class__.__name__} '
TypeError: Object of type Timestamp is not JSON serializable
2025-10-13 11:57:43,660 [INFO] <BrokerConnection client_id=kafka-python-producer-1, node_id=1 host=localhost:9092 <connected> [IPv6 ('::1', 9092, 0, 0)]>: Closing connection. 
2025-10-13 11:57:43,660 [INFO] ETL job completed successfully.
2025-10-13 11:59:49,087 [INFO] ETL job started.
2025-10-13 11:59:49,876 [INFO] Extracted 50 tracks from Spotify.
2025-10-13 11:59:49,885 [INFO] Transformed dataframe shape: (46, 6)
2025-10-13 11:59:49,939 [INFO] <BrokerConnection client_id=kafka-python-producer-1, node_id=bootstrap-0 host=localhost:9092 <connecting> [IPv6 ('::1', 9092, 0, 0)]>: connecting to localhost:9092 [('::1', 9092, 0, 0) IPv6]
2025-10-13 11:59:49,961 [INFO] <BrokerConnection client_id=kafka-python-producer-1, node_id=bootstrap-0 host=localhost:9092 <checking_api_versions_recv> [IPv6 ('::1', 9092, 0, 0)]>: Broker version identified as 2.6
2025-10-13 11:59:49,961 [INFO] <BrokerConnection client_id=kafka-python-producer-1, node_id=bootstrap-0 host=localhost:9092 <connected> [IPv6 ('::1', 9092, 0, 0)]>: Connection complete.
2025-10-13 11:59:50,067 [INFO] <BrokerConnection client_id=kafka-python-producer-1, node_id=1 host=localhost:9092 <connecting> [IPv6 ('::1', 9092, 0, 0)]>: connecting to localhost:9092 [('::1', 9092, 0, 0) IPv6]
2025-10-13 11:59:50,068 [INFO] <BrokerConnection client_id=kafka-python-producer-1, node_id=1 host=localhost:9092 <connected> [IPv6 ('::1', 9092, 0, 0)]>: Connection complete.
2025-10-13 11:59:50,068 [INFO] <BrokerConnection client_id=kafka-python-producer-1, node_id=bootstrap-0 host=localhost:9092 <connected> [IPv6 ('::1', 9092, 0, 0)]>: Closing connection. 
2025-10-13 11:59:50,166 [INFO] <BrokerConnection client_id=kafka-python-producer-1, node_id=1 host=localhost:9092 <connected> [IPv6 ('::1', 9092, 0, 0)]>: Closing connection. 
2025-10-13 11:59:50,167 [INFO] Data loaded successfully to PostgreSQL and Kafka.
2025-10-13 11:59:50,167 [INFO] ETL job completed successfully.
2025-10-13 12:00:50,992 [INFO] ETL job started.
2025-10-13 12:00:51,831 [INFO] Extracted 50 tracks from Spotify.
2025-10-13 12:00:51,840 [INFO] Transformed dataframe shape: (46, 6)
2025-10-13 12:00:51,886 [INFO] <BrokerConnection client_id=kafka-python-producer-1, node_id=bootstrap-0 host=localhost:9092 <connecting> [IPv6 ('::1', 9092, 0, 0)]>: connecting to localhost:9092 [('::1', 9092, 0, 0) IPv6]
2025-10-13 12:00:51,905 [INFO] <BrokerConnection client_id=kafka-python-producer-1, node_id=bootstrap-0 host=localhost:9092 <checking_api_versions_recv> [IPv6 ('::1', 9092, 0, 0)]>: Broker version identified as 2.6
2025-10-13 12:00:51,905 [INFO] <BrokerConnection client_id=kafka-python-producer-1, node_id=bootstrap-0 host=localhost:9092 <connected> [IPv6 ('::1', 9092, 0, 0)]>: Connection complete.
2025-10-13 12:00:52,011 [INFO] <BrokerConnection client_id=kafka-python-producer-1, node_id=1 host=localhost:9092 <connecting> [IPv6 ('::1', 9092, 0, 0)]>: connecting to localhost:9092 [('::1', 9092, 0, 0) IPv6]
2025-10-13 12:00:52,012 [INFO] <BrokerConnection client_id=kafka-python-producer-1, node_id=1 host=localhost:9092 <connected> [IPv6 ('::1', 9092, 0, 0)]>: Connection complete.
2025-10-13 12:00:52,012 [INFO] <BrokerConnection client_id=kafka-python-producer-1, node_id=bootstrap-0 host=localhost:9092 <connected> [IPv6 ('::1', 9092, 0, 0)]>: Closing connection. 
2025-10-13 12:00:52,052 [INFO] <BrokerConnection client_id=kafka-python-producer-1, node_id=1 host=localhost:9092 <connected> [IPv6 ('::1', 9092, 0, 0)]>: Closing connection. 
2025-10-13 12:00:52,053 [INFO] Data loaded successfully to PostgreSQL and Kafka.
2025-10-13 12:00:52,053 [INFO] ETL job completed successfully.
2025-10-13 12:57:06,975 [INFO] ETL job started.
2025-10-13 12:57:08,322 [INFO] Extracted 50 tracks from Spotify.
2025-10-13 12:57:08,331 [INFO] Transformed dataframe shape: (46, 7)
2025-10-13 12:57:08,461 [INFO] <BrokerConnection client_id=kafka-python-producer-1, node_id=bootstrap-0 host=localhost:9092 <connecting> [IPv6 ('::1', 9092, 0, 0)]>: connecting to localhost:9092 [('::1', 9092, 0, 0) IPv6]
2025-10-13 12:57:08,483 [INFO] <BrokerConnection client_id=kafka-python-producer-1, node_id=bootstrap-0 host=localhost:9092 <checking_api_versions_recv> [IPv6 ('::1', 9092, 0, 0)]>: Broker version identified as 2.6
2025-10-13 12:57:08,483 [INFO] <BrokerConnection client_id=kafka-python-producer-1, node_id=bootstrap-0 host=localhost:9092 <connected> [IPv6 ('::1', 9092, 0, 0)]>: Connection complete.
2025-10-13 12:57:08,588 [INFO] <BrokerConnection client_id=kafka-python-producer-1, node_id=1 host=localhost:9092 <connecting> [IPv6 ('::1', 9092, 0, 0)]>: connecting to localhost:9092 [('::1', 9092, 0, 0) IPv6]
2025-10-13 12:57:08,589 [INFO] <BrokerConnection client_id=kafka-python-producer-1, node_id=1 host=localhost:9092 <connected> [IPv6 ('::1', 9092, 0, 0)]>: Connection complete.
2025-10-13 12:57:08,589 [INFO] <BrokerConnection client_id=kafka-python-producer-1, node_id=bootstrap-0 host=localhost:9092 <connected> [IPv6 ('::1', 9092, 0, 0)]>: Closing connection. 
2025-10-13 12:57:08,618 [INFO] <BrokerConnection client_id=kafka-python-producer-1, node_id=1 host=localhost:9092 <connected> [IPv6 ('::1', 9092, 0, 0)]>: Closing connection. 
2025-10-13 12:57:08,618 [INFO] Data loaded successfully to PostgreSQL and Kafka.
2025-10-13 12:57:08,618 [INFO] ETL job completed successfully.
2025-10-13 13:27:26,054 [INFO] ETL job started.
2025-10-13 13:27:27,496 [INFO] Extracted 50 tracks from Spotify playlists.
2025-10-13 13:27:27,502 [ERROR] ETL job failed: Must specify a fill 'value' or 'method'.
Traceback (most recent call last):
  File "/Users/smartlyfe/Desktop/Spotify_Data_Engineering/src/run_etl.py", line 40, in run_etl
    clean_df = transform_tracks(raw_df)
               ^^^^^^^^^^^^^^^^^^^^^^^^
  File "/Users/smartlyfe/Desktop/Spotify_Data_Engineering/src/transform.py", line 23, in transform_tracks
    df['album_image_url'] = df['album_image_url'].fillna(None)
                            ^^^^^^^^^^^^^^^^^^^^^^^^^^^^^^^^^^
  File "/opt/anaconda3/lib/python3.12/site-packages/pandas/core/generic.py", line 7293, in fillna
    value, method = validate_fillna_kwargs(value, method)
                    ^^^^^^^^^^^^^^^^^^^^^^^^^^^^^^^^^^^^^
  File "/opt/anaconda3/lib/python3.12/site-packages/pandas/util/_validators.py", line 293, in validate_fillna_kwargs
    raise ValueError("Must specify a fill 'value' or 'method'.")
ValueError: Must specify a fill 'value' or 'method'.
2025-10-13 13:31:17,887 [INFO] ETL job started.
2025-10-13 13:31:19,412 [INFO] Extracted 50 tracks from Spotify playlists.
2025-10-13 13:31:19,418 [ERROR] ETL job failed: Must specify a fill 'value' or 'method'.
Traceback (most recent call last):
  File "/Users/smartlyfe/Desktop/Spotify_Data_Engineering/src/run_etl.py", line 40, in run_etl
    clean_df = transform_tracks(raw_df)
               ^^^^^^^^^^^^^^^^^^^^^^^^
  File "/Users/smartlyfe/Desktop/Spotify_Data_Engineering/src/transform.py", line 28, in transform_tracks
    df['album_image_url'] = df['album_image_url'].fillna(None)
                            ^^^^^^^^^^^^^^^^^^^^^^^^^^^^^^^^^^
  File "/opt/anaconda3/lib/python3.12/site-packages/pandas/core/generic.py", line 7293, in fillna
    value, method = validate_fillna_kwargs(value, method)
                    ^^^^^^^^^^^^^^^^^^^^^^^^^^^^^^^^^^^^^
  File "/opt/anaconda3/lib/python3.12/site-packages/pandas/util/_validators.py", line 293, in validate_fillna_kwargs
    raise ValueError("Must specify a fill 'value' or 'method'.")
ValueError: Must specify a fill 'value' or 'method'.
2025-10-13 13:40:07,630 [INFO] ETL job started.
2025-10-13 13:40:08,989 [INFO] Extracted 50 tracks from Spotify playlists.
2025-10-13 13:40:08,996 [ERROR] ETL job failed: Must specify a fill 'value' or 'method'.
Traceback (most recent call last):
  File "/Users/smartlyfe/Desktop/Spotify_Data_Engineering/src/run_etl.py", line 40, in run_etl
    clean_df = transform_tracks(raw_df)
               ^^^^^^^^^^^^^^^^^^^^^^^^
  File "/Users/smartlyfe/Desktop/Spotify_Data_Engineering/src/transform.py", line 28, in transform_tracks
    df['album_image_url'] = df['album_image_url'].fillna(None)
                            ^^^^^^^^^^^^^^^^^^^^^^^^^^^^^^^^^^
  File "/opt/anaconda3/lib/python3.12/site-packages/pandas/core/generic.py", line 7293, in fillna
    value, method = validate_fillna_kwargs(value, method)
                    ^^^^^^^^^^^^^^^^^^^^^^^^^^^^^^^^^^^^^
  File "/opt/anaconda3/lib/python3.12/site-packages/pandas/util/_validators.py", line 293, in validate_fillna_kwargs
    raise ValueError("Must specify a fill 'value' or 'method'.")
ValueError: Must specify a fill 'value' or 'method'.
2025-10-13 13:43:37,124 [INFO] ETL job started.
2025-10-13 13:43:38,483 [INFO] Extracted 50 tracks from Spotify playlists.
2025-10-13 13:43:38,493 [INFO] Transformed dataframe shape: (46, 9)
2025-10-13 13:43:38,722 [INFO] <BrokerConnection client_id=kafka-python-producer-1, node_id=bootstrap-0 host=localhost:9092 <connecting> [IPv6 ('::1', 9092, 0, 0)]>: connecting to localhost:9092 [('::1', 9092, 0, 0) IPv6]
2025-10-13 13:43:38,744 [INFO] <BrokerConnection client_id=kafka-python-producer-1, node_id=bootstrap-0 host=localhost:9092 <checking_api_versions_recv> [IPv6 ('::1', 9092, 0, 0)]>: Broker version identified as 2.6
2025-10-13 13:43:38,744 [INFO] <BrokerConnection client_id=kafka-python-producer-1, node_id=bootstrap-0 host=localhost:9092 <connected> [IPv6 ('::1', 9092, 0, 0)]>: Connection complete.
2025-10-13 13:43:38,852 [INFO] <BrokerConnection client_id=kafka-python-producer-1, node_id=1 host=localhost:9092 <connecting> [IPv6 ('::1', 9092, 0, 0)]>: connecting to localhost:9092 [('::1', 9092, 0, 0) IPv6]
2025-10-13 13:43:38,853 [INFO] <BrokerConnection client_id=kafka-python-producer-1, node_id=1 host=localhost:9092 <connected> [IPv6 ('::1', 9092, 0, 0)]>: Connection complete.
2025-10-13 13:43:38,853 [INFO] <BrokerConnection client_id=kafka-python-producer-1, node_id=bootstrap-0 host=localhost:9092 <connected> [IPv6 ('::1', 9092, 0, 0)]>: Closing connection. 
2025-10-13 13:43:38,890 [INFO] <BrokerConnection client_id=kafka-python-producer-1, node_id=1 host=localhost:9092 <connected> [IPv6 ('::1', 9092, 0, 0)]>: Closing connection. 
2025-10-13 13:43:38,890 [INFO] Data loaded successfully to PostgreSQL and Kafka.
2025-10-13 13:43:38,890 [INFO] ETL job completed successfully.
2025-10-13 14:10:31,807 [INFO] ETL job started.
2025-10-13 14:10:37,685 [INFO] Extracted 189 tracks from Spotify playlists.
2025-10-13 14:10:37,697 [INFO] Transformed dataframe shape: (183, 9)
2025-10-13 14:10:38,114 [ERROR] Error during loading: invalid input syntax for type timestamp: "NaT"
LINE 4: ...AP Rocky', 'LONG.LIVE.A$AP (Deluxe Version)', 61, 'NaT'::tim...
                                                             ^
Traceback (most recent call last):
  File "/Users/smartlyfe/Desktop/Spotify_Data_Engineering/src/run_etl.py", line 59, in run_etl
    load_to_postgres(clean_df)
  File "/Users/smartlyfe/Desktop/Spotify_Data_Engineering/src/load.py", line 26, in load_to_postgres
    cur.execute(f"""
psycopg2.errors.InvalidDatetimeFormat: invalid input syntax for type timestamp: "NaT"
LINE 4: ...AP Rocky', 'LONG.LIVE.A$AP (Deluxe Version)', 61, 'NaT'::tim...
                                                             ^

2025-10-13 14:10:38,116 [INFO] ETL job completed successfully.
2025-10-13 14:11:56,918 [INFO] ETL job started.
2025-10-13 14:12:01,693 [INFO] Extracted 189 tracks from Spotify playlists.
2025-10-13 14:12:01,703 [ERROR] Error during transformation: Must specify a fill 'value' or 'method'.
Traceback (most recent call last):
  File "/Users/smartlyfe/Desktop/Spotify_Data_Engineering/src/run_etl.py", line 46, in run_etl
    clean_df = transform_tracks(raw_df)
               ^^^^^^^^^^^^^^^^^^^^^^^^
  File "/Users/smartlyfe/Desktop/Spotify_Data_Engineering/src/transform.py", line 25, in transform_tracks
    df['album_image_url'] = df['album_image_url'].fillna(None)
                            ^^^^^^^^^^^^^^^^^^^^^^^^^^^^^^^^^^
  File "/opt/anaconda3/lib/python3.12/site-packages/pandas/core/generic.py", line 7293, in fillna
    value, method = validate_fillna_kwargs(value, method)
                    ^^^^^^^^^^^^^^^^^^^^^^^^^^^^^^^^^^^^^
  File "/opt/anaconda3/lib/python3.12/site-packages/pandas/util/_validators.py", line 293, in validate_fillna_kwargs
    raise ValueError("Must specify a fill 'value' or 'method'.")
ValueError: Must specify a fill 'value' or 'method'.
2025-10-13 14:13:37,806 [INFO] ETL job started.
2025-10-13 14:13:42,627 [INFO] Extracted 189 tracks from Spotify playlists.
2025-10-13 14:13:42,632 [ERROR] Error during transformation: Must specify a fill 'value' or 'method'.
Traceback (most recent call last):
  File "/Users/smartlyfe/Desktop/Spotify_Data_Engineering/src/run_etl.py", line 46, in run_etl
    clean_df = transform_tracks(raw_df)
               ^^^^^^^^^^^^^^^^^^^^^^^^
  File "/Users/smartlyfe/Desktop/Spotify_Data_Engineering/src/transform.py", line 26, in transform_tracks
    df['album_image_url'] = df['album_image_url'].fillna(None)
                            ^^^^^^^^^^^^^^^^^^^^^^^^^^^^^^^^^^
  File "/opt/anaconda3/lib/python3.12/site-packages/pandas/core/generic.py", line 7293, in fillna
    value, method = validate_fillna_kwargs(value, method)
                    ^^^^^^^^^^^^^^^^^^^^^^^^^^^^^^^^^^^^^
  File "/opt/anaconda3/lib/python3.12/site-packages/pandas/util/_validators.py", line 293, in validate_fillna_kwargs
    raise ValueError("Must specify a fill 'value' or 'method'.")
ValueError: Must specify a fill 'value' or 'method'.
2025-10-13 14:14:59,697 [INFO] ETL job started.
2025-10-13 14:15:04,220 [INFO] Extracted 189 tracks from Spotify playlists.
2025-10-13 14:15:04,232 [INFO] Transformed dataframe shape: (183, 9)
2025-10-13 14:15:04,398 [ERROR] Error during loading: invalid input syntax for type timestamp: "NaT"
LINE 4: ...AP Rocky', 'LONG.LIVE.A$AP (Deluxe Version)', 61, 'NaT'::tim...
                                                             ^
Traceback (most recent call last):
  File "/Users/smartlyfe/Desktop/Spotify_Data_Engineering/src/run_etl.py", line 59, in run_etl
    load_to_postgres(clean_df)
  File "/Users/smartlyfe/Desktop/Spotify_Data_Engineering/src/load.py", line 26, in load_to_postgres
    cur.execute(f"""
psycopg2.errors.InvalidDatetimeFormat: invalid input syntax for type timestamp: "NaT"
LINE 4: ...AP Rocky', 'LONG.LIVE.A$AP (Deluxe Version)', 61, 'NaT'::tim...
                                                             ^

2025-10-13 14:15:04,398 [INFO] ETL job completed successfully.
2025-10-13 14:24:28,361 [INFO] ETL job started.
2025-10-13 14:24:33,497 [INFO] Extracted 189 tracks from Spotify playlists.
2025-10-13 14:24:33,510 [INFO] Transformed dataframe shape: (183, 9)
2025-10-13 14:24:33,769 [INFO] <BrokerConnection client_id=kafka-python-producer-1, node_id=bootstrap-0 host=localhost:9092 <connecting> [IPv6 ('::1', 9092, 0, 0)]>: connecting to localhost:9092 [('::1', 9092, 0, 0) IPv6]
2025-10-13 14:24:33,792 [INFO] <BrokerConnection client_id=kafka-python-producer-1, node_id=bootstrap-0 host=localhost:9092 <checking_api_versions_recv> [IPv6 ('::1', 9092, 0, 0)]>: Broker version identified as 2.6
2025-10-13 14:24:33,792 [INFO] <BrokerConnection client_id=kafka-python-producer-1, node_id=bootstrap-0 host=localhost:9092 <connected> [IPv6 ('::1', 9092, 0, 0)]>: Connection complete.
2025-10-13 14:24:33,897 [INFO] <BrokerConnection client_id=kafka-python-producer-1, node_id=1 host=localhost:9092 <connecting> [IPv6 ('::1', 9092, 0, 0)]>: connecting to localhost:9092 [('::1', 9092, 0, 0) IPv6]
2025-10-13 14:24:33,897 [INFO] <BrokerConnection client_id=kafka-python-producer-1, node_id=1 host=localhost:9092 <connected> [IPv6 ('::1', 9092, 0, 0)]>: Connection complete.
2025-10-13 14:24:33,897 [INFO] <BrokerConnection client_id=kafka-python-producer-1, node_id=bootstrap-0 host=localhost:9092 <connected> [IPv6 ('::1', 9092, 0, 0)]>: Closing connection. 
2025-10-13 14:24:33,917 [ERROR] Error during loading: Object of type NaTType is not JSON serializable
Traceback (most recent call last):
  File "/Users/smartlyfe/Desktop/Spotify_Data_Engineering/src/run_etl.py", line 58, in run_etl
    produce_to_kafka(clean_df)
  File "/Users/smartlyfe/Desktop/Spotify_Data_Engineering/src/load.py", line 65, in produce_to_kafka
    producer.send(KAFKA_TOPIC, record)
  File "/opt/anaconda3/lib/python3.12/site-packages/kafka/producer/kafka.py", line 845, in send
    value_bytes = self._serialize(
                  ^^^^^^^^^^^^^^^^
  File "/opt/anaconda3/lib/python3.12/site-packages/kafka/producer/kafka.py", line 978, in _serialize
    return f(data)
           ^^^^^^^
  File "/Users/smartlyfe/Desktop/Spotify_Data_Engineering/src/load.py", line 58, in <lambda>
    value_serializer=lambda v: json.dumps(v).encode('utf-8')
                               ^^^^^^^^^^^^^
  File "/opt/anaconda3/lib/python3.12/json/__init__.py", line 231, in dumps
    return _default_encoder.encode(obj)
           ^^^^^^^^^^^^^^^^^^^^^^^^^^^^
  File "/opt/anaconda3/lib/python3.12/json/encoder.py", line 200, in encode
    chunks = self.iterencode(o, _one_shot=True)
             ^^^^^^^^^^^^^^^^^^^^^^^^^^^^^^^^^^
  File "/opt/anaconda3/lib/python3.12/json/encoder.py", line 258, in iterencode
    return _iterencode(o, 0)
           ^^^^^^^^^^^^^^^^^
  File "/opt/anaconda3/lib/python3.12/json/encoder.py", line 180, in default
    raise TypeError(f'Object of type {o.__class__.__name__} '
TypeError: Object of type NaTType is not JSON serializable
2025-10-13 14:24:33,929 [INFO] <BrokerConnection client_id=kafka-python-producer-1, node_id=1 host=localhost:9092 <connected> [IPv6 ('::1', 9092, 0, 0)]>: Closing connection. 
2025-10-13 14:24:33,929 [INFO] ETL job completed successfully.
2025-10-13 14:25:44,376 [INFO] ETL job started.
2025-10-13 14:25:49,212 [INFO] Extracted 189 tracks from Spotify playlists.
2025-10-13 14:25:49,225 [INFO] Transformed dataframe shape: (183, 9)
2025-10-13 14:25:49,308 [INFO] <BrokerConnection client_id=kafka-python-producer-1, node_id=bootstrap-0 host=localhost:9092 <connecting> [IPv6 ('::1', 9092, 0, 0)]>: connecting to localhost:9092 [('::1', 9092, 0, 0) IPv6]
2025-10-13 14:25:49,324 [INFO] <BrokerConnection client_id=kafka-python-producer-1, node_id=bootstrap-0 host=localhost:9092 <checking_api_versions_recv> [IPv6 ('::1', 9092, 0, 0)]>: Broker version identified as 2.6
2025-10-13 14:25:49,325 [INFO] <BrokerConnection client_id=kafka-python-producer-1, node_id=bootstrap-0 host=localhost:9092 <connected> [IPv6 ('::1', 9092, 0, 0)]>: Connection complete.
2025-10-13 14:25:49,430 [INFO] <BrokerConnection client_id=kafka-python-producer-1, node_id=1 host=localhost:9092 <connecting> [IPv6 ('::1', 9092, 0, 0)]>: connecting to localhost:9092 [('::1', 9092, 0, 0) IPv6]
2025-10-13 14:25:49,430 [INFO] <BrokerConnection client_id=kafka-python-producer-1, node_id=1 host=localhost:9092 <connected> [IPv6 ('::1', 9092, 0, 0)]>: Connection complete.
2025-10-13 14:25:49,430 [INFO] <BrokerConnection client_id=kafka-python-producer-1, node_id=bootstrap-0 host=localhost:9092 <connected> [IPv6 ('::1', 9092, 0, 0)]>: Closing connection. 
2025-10-13 14:25:49,467 [INFO] <BrokerConnection client_id=kafka-python-producer-1, node_id=1 host=localhost:9092 <connected> [IPv6 ('::1', 9092, 0, 0)]>: Closing connection. 
2025-10-13 14:25:49,468 [INFO] Data loaded successfully to PostgreSQL and Kafka.
2025-10-13 14:25:49,468 [INFO] ETL job completed successfully.
